Turbo Assembler  Version 1.0        05/08/98 16:25:54         Page 1
ROMBIOS5.ASM

      1 0000                         .MODEL SMALL
      2
      3 0000                         CODIGO SEGMENT 'Code'
      4                                 ASSUME CS:CODIGO, DS:CODIGO, ES:NOTHING, SS:NOTHING
      5
      6                                 ORG 0F0100h
      7
      8 0100                         PROG PROC NEAR
      9 0100  33 C0                     XOR AX,AX
     10 0102  BA 03C7                   MOV DX,3C7h    ; Direccion del pto. de control del 8255 (A0=A1=1)
     11 0105  B0 8A                     MOV AL,8Ah     ; Modo 0, Pto. A = Salida, Pto. B = Entrada, PC03 = Salida, PC47 = Entrada
     12 0107  EE                        OUT DX,AL      ; Programar 8255
     13
     14 0108  BA 03C4                   MOV DX,3C4h    ; Data Bus -> Port A
     15 010B  B0 55                     MOV AL,55h
     16
     17                               WRITE:
     18 010D  EE                        OUT DX,AL
     19 010E  EB FD                     JMP WRITE
     20
     21                                 ORG 0FFFF0h
     22
     23                               START:
     24 FFF0  B8 F000                   MOV AX,0F000h
     25 FFF3  8E C8                     MOV CS,AX
     26 FFF5  E9 0108                   JMP PROG
     27 FFF8                         PROG ENDP
     28 FFF8                         CODIGO ENDS
     29                                 END PROG
Turbo Assembler  Version 1.0        05/08/98 16:25:54         Page 2
Symbol Table


Symbol Name             Type   Value                       Cref  defined at #

??date                  Text   "05/08/98"
??filename              Text   "ROMBIOS5"
??time                  Text   "16:25:54"
??version               Number 0100
@CodeSize               Text   0                           #1
@Cpu                    Text   0101H
@DataSize               Text   0                           #1
@FileName               Text   ROMBIOS5
@WordSize               Text   2                           #3
@code                   Text   _TEXT                       #1
@curseg                 Text   CODIGO                      #3
@data                   Text   DGROUP                      #1
PROG                    Near   CODIGO:0100                 #8  26  29
START                   Near   CODIGO:FFF0                 #23
WRITE                   Near   CODIGO:010D                 #17  19

Groups & Segments       Bit Size Align  Combine Class      Cref  defined at #

CODIGO                  16  FFF8 Para   none    Code       #3  4  4
DGROUP                  Group                              #1  1
  _DATA                 16  0000 Word   Public  DATA       #1
_TEXT                   16  0000 Word   Public  CODE       #1  1
